>>> BaseGeometry = __import__('7-base_geometry').BaseGeometry

>>> bg = BaseGeometry()

>>> bg.integer_validator("my_int", 12)

>>> bg.integer_validator("width", 89)

>>> bg.integer_validator("letter", "a")
Traceback (most recent call last):
TypeError: letter must be an integer

>>> bg.integer_validator("name", "John")
Traceback (most recent call last):
TypeError: name must be an integer


>>> bg.integer_validator("integer", 0)
Traceback (most recent call last):
ValueError: integer must be greater than 0

>>> bg.integer_validator("negatif", -10)
Traceback (most recent call last):
ValueError: negatif must be greater than 0

>>> bg.integer_validator("float", 1.2)
Traceback (most recent call last):
TypeError: float must be an integer

